// Jest Snapshot v1, https://goo.gl/fbAQLP

exports[`test.js - flow-verify 1`] = `
import { Block } from 'jsxstyle';

<Block
  color=" red  " border=" 1px  solid rgba(1,2,3, .4)"
  display=" "
  singleQuote="'"
  doubleQuote='"'
  mediaQueries={{sm: 'screen and (min-width: 600px)' }}
  props={{
    onClick: () => null
  }}
/>~~~~~~~~~~~~~~~~~~~~~~~~~~~~~~~~~~~~~~~~~~~~~~~~~~~~~~~~~~~~~~~~~~~~~~~~~~~~~~~~
import { Block } from "jsxstyle";

<Block
  color=red
  border=1px solid rgba(1, 2, 3, 0.4)
  display=
  singleQuote='
  doubleQuote="
  mediaQueries={{ sm: "screen and (min-width: 600px)" }}
  props={{
    onClick: () => null
  }}
/>;

`;
